
Discarded input sections

 .data          0x0000000000000000        0x0 arch/arm/cpu/armv8/start.o
 .bss           0x0000000000000000        0x0 arch/arm/cpu/armv8/start.o
 .text.sdelay   0x0000000000000000        0xc arch/arm/cpu/armv8/built-in.o
 .text.timer_read_counter
                0x0000000000000000        0xc arch/arm/cpu/armv8/built-in.o
 .text.timer_get_boot_us
                0x0000000000000000       0x28 arch/arm/cpu/armv8/built-in.o
 .text.set_one_region
                0x0000000000000000       0xd8 arch/arm/cpu/armv8/built-in.o
 .text.arch_get_page_table
                0x0000000000000000       0x20 arch/arm/cpu/armv8/built-in.o
 .text.mmu_set_region_dcache_behaviour
                0x0000000000000000       0xa8 arch/arm/cpu/armv8/built-in.o
 .text.mmu_change_region_attr
                0x0000000000000000       0xe8 arch/arm/cpu/armv8/built-in.o
 .text.__asm_switch_ttbr
                0x0000000000000000       0xe0 arch/arm/cpu/armv8/built-in.o
 .text.armv8_switch_to_el1
                0x0000000000000000       0xd0 arch/arm/cpu/armv8/built-in.o
 .text.armv8_el2_to_aarch32
                0x0000000000000000        0x4 arch/arm/cpu/armv8/built-in.o
 .text.psci_system_reset
                0x0000000000000000       0x20 arch/arm/cpu/armv8/built-in.o
 .text.psci_system_off
                0x0000000000000000       0x20 arch/arm/cpu/armv8/built-in.o
 .text.sec_firmware_is_valid
                0x0000000000000000       0x54 arch/arm/cpu/armv8/built-in.o
 .text.sec_firmware_support_hwrng
                0x0000000000000000        0x8 arch/arm/cpu/armv8/built-in.o
 .text.sec_firmware_init
                0x0000000000000000      0x3f8 arch/arm/cpu/armv8/built-in.o
 .text.__board_assert_mem_reset
                0x0000000000000000        0x8 arch/arm/cpu/armv8/built-in.o
 .text.__board_deassert_mem_reset
                0x0000000000000000        0x8 arch/arm/cpu/armv8/built-in.o
 .text.__board_need_mem_reset
                0x0000000000000000       0x10 arch/arm/cpu/armv8/built-in.o
 .text.cpu_mmc_init
                0x0000000000000000        0x4 arch/arm/cpu/armv8/built-in.o
 .text.board_reserve_ram_top
                0x0000000000000000        0x8 arch/arm/cpu/armv8/built-in.o
 .text.update_early_mmu_table
                0x0000000000000000       0x68 arch/arm/cpu/armv8/built-in.o
 .text.soc_has_dp_ddr
                0x0000000000000000       0x40 arch/arm/cpu/armv8/built-in.o
 .text.soc_has_aiop
                0x0000000000000000       0x24 arch/arm/cpu/armv8/built-in.o
 .text.erratum_a008850_post
                0x0000000000000000        0x4 arch/arm/cpu/armv8/built-in.o
 .text.board_switch_core_volt
                0x0000000000000000        0x8 arch/arm/cpu/armv8/built-in.o
 .text.fsl_setenv_mcinitcmd
                0x0000000000000000       0x18 arch/arm/cpu/armv8/built-in.o
 .text.determine_mp_bootpg
                0x0000000000000000        0xc arch/arm/cpu/armv8/built-in.o
 .text.fsl_fdt_disable_usb
                0x0000000000000000        0x4 arch/arm/cpu/armv8/built-in.o
 .text.get_dspi_freq
                0x0000000000000000        0x4 arch/arm/cpu/armv8/built-in.o
 .text.serdes_get_first_lane
                0x0000000000000000       0x94 arch/arm/cpu/armv8/built-in.o
 .text.get_serdes_protocol
                0x0000000000000000       0x14 arch/arm/cpu/armv8/built-in.o
 .text.serdes_clock_to_string
                0x0000000000000000       0x38 arch/arm/cpu/armv8/built-in.o
 .text.get_serdes_volt
                0x0000000000000000        0x8 arch/arm/cpu/armv8/built-in.o
 .text.set_serdes_volt
                0x0000000000000000        0x8 arch/arm/cpu/armv8/built-in.o
 .rodata.arch_get_page_table.str1.1
                0x0000000000000000       0x1e arch/arm/cpu/armv8/built-in.o
 .rodata.mmu_set_region_dcache_behaviour.str1.1
                0x0000000000000000       0x20 arch/arm/cpu/armv8/built-in.o
 .rodata.set_one_region.str1.1
                0x0000000000000000       0x2e arch/arm/cpu/armv8/built-in.o
 .rodata.__func__.8615
                0x0000000000000000       0x21 arch/arm/cpu/armv8/built-in.o
 .rodata.sec_firmware_init.str1.1
                0x0000000000000000      0x248 arch/arm/cpu/armv8/built-in.o
 .rodata.sec_firmware_is_valid.str1.1
                0x0000000000000000       0x67 arch/arm/cpu/armv8/built-in.o
 .rodata.serdes_clock_to_string.str1.1
                0x0000000000000000        0xf arch/arm/cpu/armv8/built-in.o
 .rodata.serdes_get_first_lane.str1.1
                0x0000000000000000       0x12 arch/arm/cpu/armv8/built-in.o
 .data          0x0000000000000000        0x0 arch/arm/cpu/armv8/built-in.o
 .bss           0x0000000000000000        0x0 arch/arm/cpu/armv8/built-in.o
 .bss.sec_firmware_addr
                0x0000000000000000        0x8 arch/arm/cpu/armv8/built-in.o
 .text.fdt_update_ethernet_dt
                0x0000000000000000        0x8 arch/arm/lib/built-in.o
 .text.setup_board_tags
                0x0000000000000000        0x4 arch/arm/lib/built-in.o
[...]
Memory Configuration

Name             Origin             Length             Attributes
*default*        0x0000000000000000 0xffffffffffffffff

Linker script and memory map

Address of section .text set to 0x82000000
                0x0000000000000000                . = 0x0
                0x0000000000000000                . = ALIGN (0x8)

.text           0x0000000082000000      0x218
 *(.__image_copy_start)
 .__image_copy_start
                0x0000000082000000        0x0 arch/arm/lib/built-in.o
                0x0000000082000000                __image_copy_start
 arch/arm/cpu/armv8/start.o(.text*)
 .text          0x0000000082000000      0x218 arch/arm/cpu/armv8/start.o
                0x0000000082000000                _start
                0x0000000082000008                _TEXT_BASE
                0x0000000082000010                _end_ofs
                0x0000000082000018                _bss_start_ofs
                0x0000000082000020                _bss_end_ofs
                0x000000008200002c                save_boot_params_ret
                0x00000000820000ec                apply_core_errata
                0x00000000820001b4                c_runtime_cpu_setup
                0x00000000820001ec                save_boot_params

.efi_runtime    0x0000000082000218      0x930
                0x0000000082000218                __efi_runtime_start = .
 *(.text.efi_runtime*)
 .text.efi_runtime
                0x0000000082000218       0x64 arch/arm/cpu/armv8/built-in.o
                0x0000000082000218                reset_cpu
                0x0000000082000248                efi_reset_system
 .text.efi_runtime
                0x000000008200027c      0x16c lib/built-in.o
                0x0000000082000280                efi_get_time
                0x00000000820002a4                efi_update_capsule
                0x00000000820002ac                efi_query_capsule_caps
                0x00000000820002b4                efi_query_variable_info
                0x00000000820002bc                efi_update_table_header_crc32
                0x00000000820002f0                crc32_no_comp
                0x00000000820003cc                crc32
 .text.efi_runtime_relocate
                0x00000000820003e8      0x12c lib/built-in.o
                0x00000000820003e8                efi_runtime_relocate
 *(.rodata.efi_runtime*)
 .rodata.efi_runtime.str1.1
                0x0000000082000514       0x11 arch/arm/cpu/armv8/built-in.o
 *fill*         0x0000000082000525        0x3 
 .rodata.efi_runtime_detach_list
                0x0000000082000528       0xa0 lib/built-in.o
 .rodata.efi_runtime_relocate.str1.1
                0x00000000820005c8       0x4e lib/built-in.o
 *(.data.efi_runtime*)
 *fill*         0x0000000082000616        0x2 
 .data.efi_runtime
                0x0000000082000618        0x8 arch/arm/cpu/armv8/built-in.o
                0x0000000082000618                rstcr
 .data.efi_runtime
                0x0000000082000620      0x518 lib/built-in.o
                0x0000000082000620                systab
                0x00000000820006b0                efi_runtime_services
 .data.efi_runtime_mmio
                0x0000000082000b38       0x10 lib/built-in.o
                0x0000000082000b38                efi_runtime_mmio
                0x0000000082000b48                __efi_runtime_stop = .

.text_rest      0x0000000082001000    0x742c4
 *(.text*)
 .text          0x0000000082001000      0x910 arch/arm/cpu/armv8/built-in.o
                0x0000000082001000                vectors
                0x0000000082001390                _sec_firmware_entry
                0x00000000820013b8                _sec_firmware_support_psci_version
                0x00000000820013d0                armv8_el2_to_aarch32
                0x00000000820013f0                get_gic_offset
                0x00000000820013fc                smp_kick_all_cpus
                0x0000000082001410                lowlevel_init
                0x0000000082001514                fsl_ocram_init
                0x0000000082001528                fsl_clear_ocram
                0x0000000082001548                fsl_ocram_clear_ecc_err
                0x00000000820015a0                __spin_table
                0x00000000820015a0                secondary_boot_code
                0x00000000820016a0                secondary_boot_func
                0x0000000082001730                secondary_switch_to_el2
                0x00000000820017b0                secondary_switch_to_el1
                0x0000000082001900                __real_cntfrq
                0x0000000082001908                __secondary_boot_code_size
 .text.cleanup_before_linux
                0x0000000082001910       0x28 arch/arm/cpu/armv8/built-in.o
                0x0000000082001910                cleanup_before_linux
 .text.get_tbclk
                0x0000000082001938        0x8 arch/arm/cpu/armv8/built-in.o
                0x0000000082001938                get_tbclk
 .text.get_ticks
                0x0000000082001940       0x10 arch/arm/cpu/armv8/built-in.o
                0x0000000082001940                get_ticks
 .text.usec2ticks
                0x0000000082001950       0x44 arch/arm/cpu/armv8/built-in.o
                0x0000000082001950                usec2ticks
 .text.count_required_pts
                0x0000000082001994       0xf8 arch/arm/cpu/armv8/built-in.o
 .text.create_table
                0x0000000082001a8c       0x70 arch/arm/cpu/armv8/built-in.o
 .text.split_block
                0x0000000082001afc       0x9c arch/arm/cpu/armv8/built-in.o
 .text.get_tcr  0x0000000082001b98       0xe4 arch/arm/cpu/armv8/built-in.o
                0x0000000082001b98                get_tcr
 .text.find_pte
                0x0000000082001c7c       0x9c arch/arm/cpu/armv8/built-in.o
 .text.get_page_table_size
                0x0000000082001d18       0x50 arch/arm/cpu/armv8/built-in.o
                0x0000000082001d60                get_page_table_size
 .text.setup_pgtables
                0x0000000082001d68      0x178 arch/arm/cpu/armv8/built-in.o
                0x0000000082001d68                setup_pgtables
 .text.mmu_setup
                0x0000000082001ee0      0x354 arch/arm/cpu/armv8/built-in.o
                0x000000008200201c                mmu_setup
 .text.invalidate_dcache_all
                0x0000000082002234       0x14 arch/arm/cpu/armv8/built-in.o
                0x0000000082002234                invalidate_dcache_all
 .text.flush_dcache_all
                0x0000000082002248       0x14 arch/arm/cpu/armv8/built-in.o
                0x0000000082002248                flush_dcache_all
 .text.invalidate_dcache_range
                0x000000008200225c        0x4 arch/arm/cpu/armv8/built-in.o
                0x000000008200225c                invalidate_dcache_range
 .text.flush_dcache_range
                0x0000000082002260        0x4 arch/arm/cpu/armv8/built-in.o
                0x0000000082002260                flush_dcache_range
 .text.dcache_enable
                0x0000000082002264      0x110 arch/arm/cpu/armv8/built-in.o
                0x0000000082002264                dcache_enable
 .text.dcache_disable
                0x0000000082002374       0x84 arch/arm/cpu/armv8/built-in.o
                0x0000000082002374                dcache_disable
 .text.dcache_status
                0x00000000820023f8       0x34 arch/arm/cpu/armv8/built-in.o
                0x00000000820023f8                dcache_status
 .text.icache_disable
                0x000000008200242c       0x64 arch/arm/cpu/armv8/built-in.o
                0x000000008200242c                icache_disable
 .text.icache_status
                0x0000000082002490       0x34 arch/arm/cpu/armv8/built-in.o
                0x0000000082002490                icache_status
 .text.invalidate_icache_all
                0x00000000820024c4       0x14 arch/arm/cpu/armv8/built-in.o
                0x00000000820024c4                invalidate_icache_all
 .text.icache_enable
                0x00000000820024d8       0x74 arch/arm/cpu/armv8/built-in.o
                0x00000000820024d8                icache_enable
 .text.enable_caches
                0x000000008200254c       0x30 arch/arm/cpu/armv8/built-in.o
                0x0000000082002560                enable_caches
 .text.entry_non_secure
                0x000000008200257c       0x28 arch/arm/cpu/armv8/built-in.o
 .text.switch_to_non_secure_mode
                0x00000000820025a4       0x54 arch/arm/cpu/armv8/built-in.o
                0x00000000820025a4                switch_to_non_secure_mode
 .text.__asm_dcache_level
                0x00000000820025f8       0x64 arch/arm/cpu/armv8/built-in.o
                0x00000000820025f8                __asm_dcache_level
 .text.__asm_dcache_all
                0x000000008200265c       0x60 arch/arm/cpu/armv8/built-in.o
                0x000000008200265c                __asm_dcache_all
 .text.__asm_flush_dcache_all
                0x00000000820026bc        0x8 arch/arm/cpu/armv8/built-in.o
                0x00000000820026bc                __asm_flush_dcache_all
 .text.__asm_invalidate_dcache_all
                0x00000000820026c4        0x8 arch/arm/cpu/armv8/built-in.o
                0x00000000820026c4                __asm_invalidate_dcache_all
 .text.__asm_flush_dcache_range
                0x00000000820026cc       0x34 arch/arm/cpu/armv8/built-in.o
                0x00000000820026cc                __asm_flush_dcache_range
 .text.__asm_invalidate_dcache_range
                0x0000000082002700       0x30 arch/arm/cpu/armv8/built-in.o
                0x0000000082002700                __asm_invalidate_dcache_range
 .text.__asm_invalidate_icache_all
                0x0000000082002730        0xc arch/arm/cpu/armv8/built-in.o
                0x0000000082002730                __asm_invalidate_icache_all
 .text.__asm_invalidate_l3_dcache
                0x000000008200273c        0x8 arch/arm/cpu/armv8/built-in.o
                0x000000008200273c                __asm_invalidate_l3_dcache
 .text.__asm_flush_l3_dcache
                0x0000000082002744        0x8 arch/arm/cpu/armv8/built-in.o
                0x0000000082002744                __asm_flush_l3_dcache
 .text.__asm_invalidate_l3_icache
                0x000000008200274c        0x8 arch/arm/cpu/armv8/built-in.o
                0x000000008200274c                __asm_invalidate_l3_icache
 .text.__asm_invalidate_tlb_all
                0x0000000082002754       0x4c arch/arm/cpu/armv8/built-in.o
                0x0000000082002754                __asm_invalidate_tlb_all
 .text.armv8_switch_to_el2
                0x00000000820027a0       0xb8 arch/arm/cpu/armv8/built-in.o
                0x00000000820027a0                armv8_switch_to_el2
 .text.smc_call
                0x0000000082002858       0x44 arch/arm/cpu/armv8/built-in.o
                0x0000000082002858                smc_call
 .text.psci_update_dt
                0x000000008200289c       0x34 arch/arm/cpu/armv8/built-in.o
                0x000000008200289c                psci_update_dt
 .text.sec_firmware_support_psci_version
                0x00000000820028d0       0x1c arch/arm/cpu/armv8/built-in.o
                0x00000000820028d0                sec_firmware_support_psci_version
 .text.sec_firmware_get_random
                0x00000000820028ec       0x84 arch/arm/cpu/armv8/built-in.o
                0x00000000820028ec                sec_firmware_get_random
 .text.fdt_fixup_kaslr
                0x0000000082002970       0xb4 arch/arm/cpu/armv8/built-in.o
                0x0000000082002970                fdt_fixup_kaslr
 .text.config_core_prefetch
                0x0000000082002a24       0xc4 arch/arm/cpu/armv8/built-in.o
 .text.cpu_name
                0x0000000082002ae8       0xa8 arch/arm/cpu/armv8/built-in.o
                0x0000000082002ae8                cpu_name
 .text.arch_cpu_init
                0x0000000082002b90      0x1cc arch/arm/cpu/armv8/built-in.o
                0x0000000082002b90                arch_cpu_init
 .text.__get_boot_src
                0x0000000082002d5c       0x6c arch/arm/cpu/armv8/built-in.o
                0x0000000082002d5c                __get_boot_src
 .text.get_boot_src
                0x0000000082002dc8       0x90 arch/arm/cpu/armv8/built-in.o
                0x0000000082002dc8                get_boot_src
 .text.mmc_get_env_dev
                0x0000000082002e58       0x1c arch/arm/cpu/armv8/built-in.o
                0x0000000082002e58                mmc_get_env_dev
 .text.env_get_location
                0x0000000082002e74       0x4c arch/arm/cpu/armv8/built-in.o
                0x0000000082002e74                env_get_location
 .text.initiator_type
                0x0000000082002ec0       0x28 arch/arm/cpu/armv8/built-in.o
                0x0000000082002ec0                initiator_type
 .text.cpu_pos_mask
                0x0000000082002ee8       0x74 arch/arm/cpu/armv8/built-in.o
                0x0000000082002ee8                cpu_pos_mask
 .text.cpu_mask
                0x0000000082002f5c       0x74 arch/arm/cpu/armv8/built-in.o
                0x0000000082002f5c                cpu_mask
 .text.cpu_numcores
                0x0000000082002fd0       0x5c arch/arm/cpu/armv8/built-in.o
                0x0000000082002fd0                cpu_numcores
 .text.fsl_qoriq_core_to_cluster
                0x000000008200302c       0x6c arch/arm/cpu/armv8/built-in.o
                0x000000008200302c                fsl_qoriq_core_to_cluster
 .text.fsl_qoriq_core_to_type
                0x0000000082003098       0x68 arch/arm/cpu/armv8/built-in.o
                0x0000000082003098                fsl_qoriq_core_to_type
 .text.get_svr  0x0000000082003100       0x10 arch/arm/cpu/armv8/built-in.o
                0x0000000082003100                get_svr
 .text.print_cpuinfo
                0x0000000082003110      0x258 arch/arm/cpu/armv8/built-in.o
                0x0000000082003110                print_cpuinfo
 .text.cpu_eth_init
                0x0000000082003368       0x18 arch/arm/cpu/armv8/built-in.o
                0x0000000082003368                cpu_eth_init
 .text.arch_early_init_r
                0x0000000082003380       0x44 arch/arm/cpu/armv8/built-in.o
                0x0000000082003380                arch_early_init_r
 .text.timer_init
                0x00000000820033c4       0x14 arch/arm/cpu/armv8/built-in.o
                0x00000000820033c4                timer_init
 .text.efi_reset_system_init
                0x00000000820033d8       0x10 arch/arm/cpu/armv8/built-in.o
                0x00000000820033d8                efi_reset_system_init
 .text.get_effective_memsize
                0x00000000820033e8       0x60 arch/arm/cpu/armv8/built-in.o
                0x00000000820033e8                get_effective_memsize
 .text.tfa_get_dram_size
                0x0000000082003448       0x3c arch/arm/cpu/armv8/built-in.o
                0x0000000082003448                tfa_get_dram_size
 .text.dram_init_banksize
                0x0000000082003484      0x150 arch/arm/cpu/armv8/built-in.o
                0x0000000082003484                dram_init_banksize
 .text.efi_add_known_memory
                0x00000000820035d4       0x64 arch/arm/cpu/armv8/built-in.o
                0x00000000820035d4                efi_add_known_memory
 .text.dram_init
                0x0000000082003638       0x18 arch/arm/cpu/armv8/built-in.o
                0x0000000082003638                dram_init
 .text.get_core_volt_from_fuse
                0x0000000082003650       0x74 arch/arm/cpu/armv8/built-in.o
                0x0000000082003650                get_core_volt_from_fuse
 .text.setup_chip_volt
                0x00000000820036c4       0x88 arch/arm/cpu/armv8/built-in.o
                0x00000000820036c4                setup_chip_volt
 .text.fsl_lsch2_early_init_f
                0x000000008200374c      0x190 arch/arm/cpu/armv8/built-in.o
                0x000000008200374c                fsl_lsch2_early_init_f
 .text.qspi_ahb_init
                0x00000000820038dc       0xb8 arch/arm/cpu/armv8/built-in.o
                0x00000000820038dc                qspi_ahb_init
 .text.fsl_setenv_bootcmd
                0x0000000082003994       0x74 arch/arm/cpu/armv8/built-in.o
                0x0000000082003994                fsl_setenv_bootcmd
 .text.board_late_init
                0x0000000082003a08       0x3c arch/arm/cpu/armv8/built-in.o
                0x0000000082003a08                board_late_init
 .text.core_to_pos
                0x0000000082003a44       0xd8 arch/arm/cpu/armv8/built-in.o
 .text.get_spin_tbl_addr
                0x0000000082003b1c        0xc arch/arm/cpu/armv8/built-in.o
                0x0000000082003b1c                get_spin_tbl_addr
 .text.update_os_arch_secondary_cores
                0x0000000082003b28       0x38 arch/arm/cpu/armv8/built-in.o
                0x0000000082003b28                update_os_arch_secondary_cores
 .text.fsl_layerscape_wake_seconday_cores
                0x0000000082003b60      0x1b8 arch/arm/cpu/armv8/built-in.o
                0x0000000082003b60                fsl_layerscape_wake_seconday_cores
 .text.is_core_valid
                0x0000000082003d18       0x30 arch/arm/cpu/armv8/built-in.o
                0x0000000082003d18                is_core_valid
 .text.is_core_online
                0x0000000082003d48       0x2c arch/arm/cpu/armv8/built-in.o
                0x0000000082003d48                is_core_online
 .text.cpu_reset
                0x0000000082003d74       0x20 arch/arm/cpu/armv8/built-in.o
                0x0000000082003d74                cpu_reset
 .text.cpu_disable
                0x0000000082003d94       0x20 arch/arm/cpu/armv8/built-in.o
                0x0000000082003d94                cpu_disable
 .text.cpu_status
                0x0000000082003db4       0xa0 arch/arm/cpu/armv8/built-in.o
                0x0000000082003db4                cpu_status
 .text.cpu_release
                0x0000000082003e54       0x7c arch/arm/cpu/armv8/built-in.o
                0x0000000082003e54                cpu_release
 .text.fdt_fixup_phy_connection
                0x0000000082003ed0       0x60 arch/arm/cpu/armv8/built-in.o
                0x0000000082003ed0                fdt_fixup_phy_connection
 .text.ft_fixup_cpu
                0x0000000082003f30      0x34c arch/arm/cpu/armv8/built-in.o
                0x0000000082003f30                ft_fixup_cpu
 .text.fdt_fixup_remove_jr
                0x000000008200427c       0xe0 arch/arm/cpu/armv8/built-in.o
                0x000000008200427c                fdt_fixup_remove_jr
 .text.ft_cpu_setup
                0x000000008200435c       0xfc arch/arm/cpu/armv8/built-in.o
                0x000000008200435c                ft_cpu_setup
 .text.get_sys_info
                0x0000000082004458      0x1f8 arch/arm/cpu/armv8/built-in.o
                0x0000000082004458                get_sys_info
 .text.get_qman_freq
                0x0000000082004650       0x1c arch/arm/cpu/armv8/built-in.o
                0x0000000082004650                get_qman_freq
 .text.get_clocks
                0x000000008200466c       0x44 arch/arm/cpu/armv8/built-in.o
                0x000000008200466c                get_clocks
 .text.get_bus_freq
                0x00000000820046b0       0x28 arch/arm/cpu/armv8/built-in.o
                0x00000000820046b0                get_bus_freq
 .text.get_ddr_freq
                0x00000000820046d8       0x28 arch/arm/cpu/armv8/built-in.o
                0x00000000820046d8                get_ddr_freq
 .text.get_sdhc_freq
                0x0000000082004700       0x28 arch/arm/cpu/armv8/built-in.o
                0x0000000082004700                get_sdhc_freq
 .text.get_serial_clock
                0x0000000082004728       0x1c arch/arm/cpu/armv8/built-in.o
                0x0000000082004728                get_serial_clock
 .text.get_i2c_freq
                0x0000000082004744       0x1c arch/arm/cpu/armv8/built-in.o
                0x0000000082004744                get_i2c_freq
 .text.mxc_get_clock
                0x0000000082004760       0x54 arch/arm/cpu/armv8/built-in.o
                0x0000000082004760                mxc_get_clock
 .text.serdes_init
                0x00000000820047b4       0xdc arch/arm/cpu/armv8/built-in.o
                0x00000000820047b4                serdes_init
 .text.setup_serdes_volt
                0x0000000082004890      0x5f4 arch/arm/cpu/armv8/built-in.o
                0x0000000082004890                setup_serdes_volt
 .text.fsl_serdes_init
                0x0000000082004e84       0x44 arch/arm/cpu/armv8/built-in.o
                0x0000000082004e84                fsl_serdes_init
 .text.is_serdes_configured
                0x0000000082004ec8       0x68 arch/arm/cpu/armv8/built-in.o
                0x0000000082004ec8                is_serdes_configured
 .text.serdes_get_prtcl
                0x0000000082004f30       0x40 arch/arm/cpu/armv8/built-in.o
                0x0000000082004f30                serdes_get_prtcl
 .text.is_serdes_prtcl_valid
                0x0000000082004f70       0x5c arch/arm/cpu/armv8/built-in.o
                0x0000000082004f70                is_serdes_prtcl_valid
 .text.set_fman_icids
                0x0000000082004fcc       0x40 arch/arm/cpu/armv8/built-in.o
                0x0000000082004fcc                set_fman_icids
 .text.set_icids
                0x000000008200500c       0x4c arch/arm/cpu/armv8/built-in.o
                0x000000008200500c                set_icids
 .text.fdt_set_iommu_prop
                0x0000000082005058       0x78 arch/arm/cpu/armv8/built-in.o
                0x0000000082005058                fdt_set_iommu_prop
 .text.fdt_fixup_icid_tbl
                0x00000000820050d0       0xb8 arch/arm/cpu/armv8/built-in.o
                0x00000000820050d0                fdt_fixup_icid_tbl
 .text.get_fman_port_icid
                0x0000000082005188       0x38 arch/arm/cpu/armv8/built-in.o
                0x0000000082005188                get_fman_port_icid
 .text.fdt_fixup_fman_port_icid_by_compat
                0x00000000820051c0      0x100 arch/arm/cpu/armv8/built-in.o
                0x00000000820051c0                fdt_fixup_fman_port_icid_by_compat
 .text.fdt_fixup_fman_icids
                0x00000000820052c0       0x50 arch/arm/cpu/armv8/built-in.o
                0x00000000820052c0                fdt_fixup_fman_icids
 .text.fdt_get_smmu_phandle
                0x0000000082005310       0x80 arch/arm/cpu/armv8/built-in.o
                0x0000000082005310                fdt_get_smmu_phandle
 .text.fdt_fixup_icid
                0x0000000082005390       0x58 arch/arm/cpu/armv8/built-in.o
                0x0000000082005390                fdt_fixup_icid
 .text          0x00000000820053e8      0x220 arch/arm/lib/built-in.o
                0x00000000820053e8                _main
                0x0000000082005468                relocate_code
                0x000000008200552c                ccn504_add_masters_to_dvm
                0x0000000082005548                ccn504_set_qos
                0x000000008200555c                ccn504_set_aux
                0x0000000082005570                gic_init_secure
                0x00000000820055b4                gic_init_secure_percpu
                0x00000000820055d8                gic_kick_secondary_cpus
                0x00000000820055e8                gic_wait_for_interrupt
 .text.setjmp   0x0000000082005608       0x28 arch/arm/lib/built-in.o
                0x0000000082005608                setjmp
 .text.longjmp  0x0000000082005630       0x2c arch/arm/lib/built-in.o
                0x0000000082005630                longjmp
 .text.arch_fixup_fdt
                0x000000008200565c       0x64 arch/arm/lib/built-in.o
                0x000000008200565c                arch_fixup_fdt
 .text.boot_prep_linux
                0x00000000820056c0       0x58 arch/arm/lib/built-in.o
 .text.arch_lmb_reserve
                0x0000000082005718       0x84 arch/arm/lib/built-in.o
                0x0000000082005718                arch_lmb_reserve
 .text.board_quiesce_devices
                0x000000008200579c        0x4 arch/arm/lib/built-in.o
                0x000000008200579c                board_quiesce_devices
 .text.boot_jump_linux
                0x00000000820057a0       0xc0 arch/arm/lib/built-in.o
 .text.do_bootm_linux
                0x0000000082005860       0x74 arch/arm/lib/built-in.o
                0x0000000082005860                do_bootm_linux
 .text.boot_prep_vxworks
                0x00000000820058d4       0x54 arch/arm/lib/built-in.o
                0x00000000820058d4                boot_prep_vxworks
 .text.boot_jump_vxworks
                0x0000000082005928        0xc arch/arm/lib/built-in.o
                0x0000000082005928                boot_jump_vxworks
 .text.booti_setup
                0x0000000082005934       0xb8 arch/arm/lib/built-in.o
                0x0000000082005934                booti_setup
 .text.arch_reserve_stacks
                0x00000000820059ec       0x10 arch/arm/lib/built-in.o
                0x00000000820059ec                arch_reserve_stacks
 .text.interrupt_init
                0x00000000820059fc        0x8 arch/arm/lib/built-in.o
                0x00000000820059fc                interrupt_init
 .text.enable_interrupts
                0x0000000082005a04        0x4 arch/arm/lib/built-in.o
                0x0000000082005a04                enable_interrupts
 .text.disable_interrupts
                0x0000000082005a08        0x8 arch/arm/lib/built-in.o
                0x0000000082005a08                disable_interrupts
 .text.show_regs
                0x0000000082005a10       0x9c arch/arm/lib/built-in.o
                0x0000000082005a10                show_regs
 .text.do_bad_sync
                0x0000000082005aac       0x3c arch/arm/lib/built-in.o
                0x0000000082005aac                do_bad_sync
 .text.do_bad_irq
                0x0000000082005ae8       0x3c arch/arm/lib/built-in.o
                0x0000000082005ae8                do_bad_irq
 .text.do_bad_fiq
                0x0000000082005b24       0x3c arch/arm/lib/built-in.o
                0x0000000082005b24                do_bad_fiq
 .text.do_bad_error
                0x0000000082005b60       0x3c arch/arm/lib/built-in.o
                0x0000000082005b60                do_bad_error
 .text.do_sync  0x0000000082005b9c       0x3c arch/arm/lib/built-in.o
                0x0000000082005b9c                do_sync
 .text.do_irq   0x0000000082005bd8       0x3c arch/arm/lib/built-in.o
                0x0000000082005bd8                do_irq
 .text.do_fiq   0x0000000082005c14       0x3c arch/arm/lib/built-in.o
                0x0000000082005c14                do_fiq
 .text.do_error
                0x0000000082005c50       0x3c arch/arm/lib/built-in.o
                0x0000000082005c50                do_error
 .text.reset_misc
                0x0000000082005c8c        0x4 arch/arm/lib/built-in.o
                0x0000000082005c8c                reset_misc
 .text.do_reset
                0x0000000082005c90       0x50 arch/arm/lib/built-in.o
                0x0000000082005c90                do_reset
 .text.flush_cache
                0x0000000082005ce0        0x8 arch/arm/lib/built-in.o
                0x0000000082005ce0                flush_cache
 .text.fdt_psci
                0x0000000082005ce8      0x224 arch/arm/lib/built-in.o
                0x0000000082005ce8                fdt_psci
 .text.update_crc
                0x0000000082005f0c       0x50 board/freescale/common/built-in.o
 .text.read_eeprom.part.0
                0x0000000082005f5c       0x64 board/freescale/common/built-in.o
 .text.do_mac   0x0000000082005fc0      0x548 board/freescale/common/built-in.o
                0x0000000082005fc0                do_mac
 .text.mac_read_from_eeprom
                0x0000000082006508      0x2b0 board/freescale/common/built-in.o
                0x0000000082006508                mac_read_from_eeprom
 .text.mc34vr500_get_sw_volt
                0x00000000820067b8       0xec board/freescale/common/built-in.o
                0x00000000820067b8                mc34vr500_get_sw_volt
 .text.mc34vr500_set_sw_volt
                0x00000000820068a4       0xb4 board/freescale/common/built-in.o
                0x00000000820068a4                mc34vr500_set_sw_volt
 .text.set_devices_ns_access
                0x0000000082006958       0x3c board/freescale/common/built-in.o
                0x0000000082006958                set_devices_ns_access
 .text.enable_layerscape_ns_access
                0x0000000082006994       0x58 board/freescale/common/built-in.o
                0x0000000082006994                enable_layerscape_ns_access
 .text.fsl_initdram
                0x00000000820069ec       0x3c board/freescale/ls1046afrwy/built-in.o
                0x00000000820069ec                fsl_initdram
 .text.select_i2c_ch_pca9547
                0x0000000082006a28       0x4c board/freescale/ls1046afrwy/built-in.o
                0x0000000082006a28                select_i2c_ch_pca9547
 .text.board_early_init_f
                0x0000000082006a74       0x18 board/freescale/ls1046afrwy/built-in.o
                0x0000000082006a74                board_early_init_f
 .text.checkboard
                0x0000000082006a8c       0x94 board/freescale/ls1046afrwy/built-in.o
                0x0000000082006a8c                checkboard
 .text.board_init
                0x0000000082006b20       0x20 board/freescale/ls1046afrwy/built-in.o
                0x0000000082006b20                board_init
 .text.board_setup_core_volt
                0x0000000082006b40        0x8 board/freescale/ls1046afrwy/built-in.o
                0x0000000082006b40                board_setup_core_volt
 .text.get_serdes_volt
                0x0000000082006b48        0x8 board/freescale/ls1046afrwy/built-in.o
                0x0000000082006b48                get_serdes_volt
 .text.set_serdes_volt
                0x0000000082006b50        0xc board/freescale/ls1046afrwy/built-in.o
                0x0000000082006b50                set_serdes_volt
 .text.power_init_board
                0x0000000082006b5c       0x30 board/freescale/ls1046afrwy/built-in.o
                0x0000000082006b5c                power_init_board
 .text.config_board_mux
                0x0000000082006b8c       0x94 board/freescale/ls1046afrwy/built-in.o
                0x0000000082006b8c                config_board_mux
 .text.misc_init_r
                0x0000000082006c20       0x18 board/freescale/ls1046afrwy/built-in.o
                0x0000000082006c20                misc_init_r
 .text.ft_board_setup
                0x0000000082006c38       0x80 board/freescale/ls1046afrwy/built-in.o
                0x0000000082006c38                ft_board_setup
 .text.checkFileSize
                0x0000000082006cb8       0x64 board/freescale/ls1046afrwy/built-in.o
                0x0000000082006cb8                checkFileSize
 .text.do_update_uboot
                0x0000000082006d1c      0x140 board/freescale/ls1046afrwy/built-in.o
                0x0000000082006d1c                do_update_uboot
 .text.board_eth_init
                0x0000000082006e5c       0xec board/freescale/ls1046afrwy/built-in.o
                0x0000000082006e5c                board_eth_init
 .text.fdt_update_ethernet_dt
                0x0000000082006f48      0x138 board/freescale/ls1046afrwy/built-in.o
                0x0000000082006f48                fdt_update_ethernet_dt
 .text.do_go_exec
                0x0000000082007080       0x10 cmd/built-in.o
                0x0000000082007080                do_go_exec
 .text.do_go    0x0000000082007090       0x88 cmd/built-in.o
 .text.do_bootm
                0x0000000082007118      0x108 cmd/built-in.o
                0x0000000082007118                do_bootm
 .text.do_bootd
                0x0000000082007220       0x2c cmd/built-in.o
                0x0000000082007220                do_bootd
 .text.image_info
                0x000000008200724c      0x128 cmd/built-in.o
 .text.do_iminfo
                0x0000000082007374       0x74 cmd/built-in.o
 .text.bootm_maybe_autostart
                0x00000000820073e8       0x74 cmd/built-in.o
                0x00000000820073e8                bootm_maybe_autostart
 .text.do_help  0x000000008200745c       0x44 cmd/built-in.o
 .text.do_version
                0x00000000820074a0       0x40 cmd/built-in.o
 .text.blk_common_cmd
                0x00000000820074e0      0x32c cmd/built-in.o
                0x00000000820074e0                blk_common_cmd
 .text.source   0x000000008200780c      0x204 cmd/built-in.o
                0x000000008200780c                source
 .text.do_source
                0x0000000082007a10       0x78 cmd/built-in.o
 .text.print_num
                0x0000000082007a88       0x18 cmd/built-in.o
 .text.do_bdinfo
                0x0000000082007aa0      0x21c cmd/built-in.o
 .text.do_blkcache
                0x0000000082007cbc       0x80 cmd/built-in.o
 .text.blkc_configure
                0x0000000082007d3c       0x78 cmd/built-in.o
 .text.blkc_show
                0x0000000082007db4       0x34 cmd/built-in.o
 .text.efi_install_fdt
                0x0000000082007de8      0x214 cmd/built-in.o
 .text.do_bootefi_exec
                0x0000000082007ffc      0x248 cmd/built-in.o
 .text.allow_unaligned
                0x0000000082008244        0x4 cmd/built-in.o
                0x0000000082008244                allow_unaligned
 .text.do_bootefi
                0x0000000082008248      0x164 cmd/built-in.o
 .text.efi_set_bootdev
                0x00000000820083ac       0x84 cmd/built-in.o
                0x00000000820083ac                efi_set_bootdev
 .text.do_booti
                0x0000000082008430      0x110 cmd/built-in.o
                0x0000000082008430                do_booti
 .text.parse_argv
                0x0000000082008540       0x68 cmd/built-in.o
 .text.do_icache
                0x00000000820085a8       0x98 cmd/built-in.o
 .text.do_dcache
                0x0000000082008640       0x98 cmd/built-in.o
 .text.do_coninfo
                0x00000000820086d8       0xdc cmd/built-in.o
 .text.do_echo  0x00000000820087b4       0xd8 cmd/built-in.o
 .text.load_elf_image_phdr
                0x000000008200888c      0x130 cmd/built-in.o
 .text.valid_elf_image
                0x00000000820089bc       0x58 cmd/built-in.o
                0x00000000820089bc                valid_elf_image
 .text.do_bootelf
                0x0000000082008a14      0x290 cmd/built-in.o
                0x0000000082008a14                do_bootelf
 .text.do_bootvx
                0x0000000082008ca4      0x334 cmd/built-in.o
                0x0000000082008ca4                do_bootvx
 .text.do_exit  0x0000000082008fd8       0x40 cmd/built-in.o
 .text.do_ext4_size
                0x0000000082009018        0x8 cmd/built-in.o
                0x0000000082009018                do_ext4_size
 .text.do_ext4_load
                0x0000000082009020        0x8 cmd/built-in.o
                0x0000000082009020                do_ext4_load
 .text.do_ext4_ls
                0x0000000082009028        0x8 cmd/built-in.o
                0x0000000082009028                do_ext4_ls
 .text.do_ext2load
                0x0000000082009030        0x8 cmd/built-in.o
                0x0000000082009030                do_ext2load
 .text.do_ext2ls
                0x0000000082009038        0x8 cmd/built-in.o
 .text.do_fat_size
                0x0000000082009040        0x8 cmd/built-in.o
                0x0000000082009040                do_fat_size
 .text.do_fat_fsload
                0x0000000082009048        0x8 cmd/built-in.o
                0x0000000082009048                do_fat_fsload
 .text.do_fat_ls
                0x0000000082009050        0x8 cmd/built-in.o
 .text.do_fat_fsinfo
                0x0000000082009058       0x94 cmd/built-in.o
 .text.fdt_valid
                0x00000000820090ec       0xcc cmd/built-in.o
 .text.is_printable_string
                0x00000000820091b8       0x80 cmd/built-in.o
 .text.print_data
                0x0000000082009238      0x1b8 cmd/built-in.o
 .text.set_working_fdt_addr
                0x00000000820093f0       0x18 cmd/built-in.o
                0x00000000820093f0                set_working_fdt_addr
 .text.do_fdt   0x0000000082009408      0xfb8 cmd/built-in.o
 .text.do_flinfo
                0x000000008200a3c0        0x8 cmd/built-in.o
 .text.do_protect
                0x000000008200a3c8        0xc cmd/built-in.o
 .text.do_flerase
                0x000000008200a3d4        0x8 cmd/built-in.o
 .text.do_size_wrapper
                0x000000008200a3dc        0x8 cmd/built-in.o
 .text.do_load_wrapper
                0x000000008200a3e4       0x80 cmd/built-in.o
 .text.do_save_wrapper
                0x000000008200a464        0x8 cmd/built-in.o
 .text.do_ls_wrapper
                0x000000008200a46c        0x8 cmd/built-in.o
 .text.do_fstype_wrapper
                0x000000008200a474        0x4 cmd/built-in.o
 .text.do_i2c   0x000000008200a478       0x80 cmd/built-in.o
 .text.do_i2c_bus_speed
                0x000000008200a4f8       0x88 cmd/built-in.o
 .text.do_i2c_reset
                0x000000008200a580       0x3c cmd/built-in.o
 .text.do_i2c_probe
                0x000000008200a5bc       0xa4 cmd/built-in.o
 .text.do_i2c_bus_num
                0x000000008200a660       0xd0 cmd/built-in.o
 .text.do_i2c_show_bus
                0x000000008200a730      0x10c cmd/built-in.o
 .text.get_alen.constprop.5
                0x000000008200a83c       0x38 cmd/built-in.o
 .text.do_i2c_crc
                0x000000008200a874      0x144 cmd/built-in.o
 .text.mod_i2c_mem.isra.3
                0x000000008200a9b8      0x238 cmd/built-in.o
 .text.do_i2c_nm
                0x000000008200abf0        0x8 cmd/built-in.o
 .text.do_i2c_mm
                0x000000008200abf8        0x8 cmd/built-in.o
 .text.do_i2c_md
                0x000000008200ac00      0x208 cmd/built-in.o
 .text.do_i2c_read
                0x000000008200ae08       0xdc cmd/built-in.o
 .text.do_i2c_mw
                0x000000008200aee4      0x120 cmd/built-in.o
 .text.do_i2c_write
                0x000000008200b004      0x17c cmd/built-in.o
 .text.do_i2c_loop
                0x000000008200b180      0x114 cmd/built-in.o
 .text.i2c_init_board
                0x000000008200b294        0x4 cmd/built-in.o
                0x000000008200b294                i2c_init_board
 .text.do_hash  0x000000008200b298       0x4c cmd/built-in.o
 .text.evalexp  0x000000008200b2e4       0x94 cmd/built-in.o
 .text.evalstr  0x000000008200b378       0x5c cmd/built-in.o
 .text.binary_test
                0x000000008200b3d4      0x1ac cmd/built-in.o
 .text.do_itest
                0x000000008200b580       0x90 cmd/built-in.o
 .text.bin_data_init
                0x000000008200b610       0x1c cmd/built-in.o
 .text.k_data_save
                0x000000008200b62c       0x34 cmd/built-in.o
 .text.k_data_restore
                0x000000008200b660       0x34 cmd/built-in.o
 .text.getcxmodem
                0x000000008200b694       0x24 cmd/built-in.o
 .text.load_serial_ymodem
                0x000000008200b6b8       0xf0 cmd/built-in.o
 .text.bin_data_char
                0x000000008200b7a8       0x28 cmd/built-in.o
 .text.chk1.constprop.2
                0x000000008200b7d0       0x34 cmd/built-in.o
 .text.s1_sendpacket.constprop.3
                0x000000008200b804       0x60 cmd/built-in.o
 .text.load_serial
                0x000000008200b864      0x1ec cmd/built-in.o
 .text.do_load_serial
                0x000000008200ba50       0xe4 cmd/built-in.o
 .text.do_load_serial_bin
                0x000000008200bb34      0x7dc cmd/built-in.o
 .text.do_mem_loop
                0x000000008200c310      0x144 cmd/built-in.o
 .text.do_mem_md
                0x000000008200c454       0xf4 cmd/built-in.o
 .text.do_mem_cmp
                0x000000008200c548      0x1a8 cmd/built-in.o
 .text.do_mem_base
                0x000000008200c6f0       0x4c cmd/built-in.o
 .text.do_mem_mw
                0x000000008200c73c      0x108 cmd/built-in.o
 .text.do_mem_cp
                0x000000008200c844       0xc0 cmd/built-in.o
 .text.do_mem_crc
                0x000000008200c904       0x30 cmd/built-in.o
 .text.mod_mem.isra.0
                0x000000008200c934      0x1c8 cmd/built-in.o
 .text.do_mem_mm
                0x000000008200cafc        0x8 cmd/built-in.o
 .text.do_mem_nm
                0x000000008200cb04        0x8 cmd/built-in.o
 .text.extract_range
                0x000000008200cb0c       0xf8 cmd/built-in.o
 .text.do_mii   0x000000008200cc04      0x8dc cmd/built-in.o
 .text.do_mdio  0x000000008200d4e0      0x4a4 cmd/built-in.o
 .text.do_sleep
                0x000000008200d984       0xe8 cmd/built-in.o
 .text.do_mmcops
                0x000000008200da6c       0xe4 cmd/built-in.o
 .text.init_mmc_device
                0x000000008200db50       0x84 cmd/built-in.o
 .text.do_mmc_rescan
                0x000000008200dbd4       0x28 cmd/built-in.o
 .text.do_mmc_hwpartition
                0x000000008200dbfc      0x4f0 cmd/built-in.o
 .text.do_mmc_list
                0x000000008200e0ec       0x1c cmd/built-in.o
 .text.do_mmc_dev
                0x000000008200e108      0x14c cmd/built-in.o
 .text.do_mmc_erase
                0x000000008200e254      0x104 cmd/built-in.o
 .text.do_mmc_write
                0x000000008200e358      0x124 cmd/built-in.o
 .text.do_mmc_read
                0x000000008200e47c       0xfc cmd/built-in.o
 .text.do_mmcinfo
                0x000000008200e578      0x3bc cmd/built-in.o
 .text.do_mmc_setdsr
                0x000000008200e934       0xbc cmd/built-in.o
 .text.do_mmc_part
                0x000000008200e9f0       0x64 cmd/built-in.o
 .text.cpu_cmd  0x000000008200ea54      0x16c cmd/built-in.o
 .text.set_dev  0x000000008200ebc0       0x64 cmd/built-in.o
 .text.do_nandboot
                0x000000008200ec24      0x340 cmd/built-in.o
 .text.nand_print_and_set_info.constprop.0
                0x000000008200ef64      0x100 cmd/built-in.o
 .text.do_nand  0x000000008200f064      0xaf8 cmd/built-in.o
 .text.netboot_common
                0x000000008200fb5c      0x2b8 cmd/built-in.o
 .text.do_bootp
                0x000000008200fe14        0xc cmd/built-in.o
 .text.do_dhcp  0x000000008200fe20        0xc cmd/built-in.o
 .text.do_nfs   0x000000008200fe2c        0xc cmd/built-in.o
 .text.do_tftpb
                0x000000008200fe38       0x58 cmd/built-in.o
                0x000000008200fe38                do_tftpb
 .text.do_ping  0x000000008200fe90       0x7c cmd/built-in.o
 .text.efi_dump_single_var
                0x000000008200ff0c      0x170 cmd/built-in.o
 .text.do_env_print_efi
                0x000000008201007c      0x19c cmd/built-in.o
                0x000000008201007c                do_env_print_efi
 .text.do_env_set_efi
                0x0000000082010218      0x3c4 cmd/built-in.o
                0x0000000082010218                do_env_set_efi
 .text.do_part_list
                0x00000000820105dc      0x188 cmd/built-in.o
 .text.do_part_info
                0x0000000082010764      0x108 cmd/built-in.o
 .text.do_part  0x000000008201086c      0x110 cmd/built-in.o
 .text.pci_cfg_modify.isra.0
                0x000000008201097c      0x134 cmd/built-in.o
 .text.pci_show_regs
                0x0000000082010ab0       0xb0 cmd/built-in.o
 .text.pci_bar_show
                0x0000000082010b60      0x1e0 cmd/built-in.o
                0x0000000082010b60                pci_bar_show
 .text.pci_header_show
                0x0000000082010d40       0xd4 cmd/built-in.o
                0x0000000082010d40                pci_header_show
 .text.pciinfo_header
                0x0000000082010e14       0x50 cmd/built-in.o
                0x0000000082010e14                pciinfo_header
 .text.do_pci   0x0000000082010e64      0x5e4 cmd/built-in.o
 .text.eol_or_eof
                0x0000000082011448       0x24 cmd/built-in.o
 .text.do_pxe   0x000000008201146c       0x8c cmd/built-in.o
 .text.label_print
                0x00000000820114f8       0x1c cmd/built-in.o
 .text.do_get_tftp
                0x0000000082011514       0x3c cmd/built-in.o
 .text.from_env
                0x0000000082011550       0x3c cmd/built-in.o
 .text.get_string
                0x000000008201158c       0xe0 cmd/built-in.o
 .text.label_destroy
                0x000000008201166c       0x74 cmd/built-in.o
 .text.destroy_pxe_menu
                0x00000000820116e0       0x68 cmd/built-in.o
 .text.get_token
                0x0000000082011748      0x12c cmd/built-in.o
 .text.parse_sliteral
                0x0000000082011874       0x6c cmd/built-in.o
 .text.parse_integer
                0x00000000820118e0       0x84 cmd/built-in.o
 .text.do_get_any
                0x0000000082011964       0x44 cmd/built-in.o
 .text.do_get_fat
                0x00000000820119a8       0x40 cmd/built-in.o
 .text.do_get_ext2
                0x00000000820119e8       0x40 cmd/built-in.o
 .text.format_mac_pxe.constprop.6
                0x0000000082011a28       0x6c cmd/built-in.o
 .text.get_relfile
                0x0000000082011a94      0x138 cmd/built-in.o
 .text.get_pxe_file
                0x0000000082011bcc       0x60 cmd/built-in.o
 .text.handle_include
                0x0000000082011c2c       0xc4 cmd/built-in.o
 .text.parse_pxefile_top
                0x0000000082011cf0      0x444 cmd/built-in.o
 .text.parse_pxefile
                0x0000000082012134       0x7c cmd/built-in.o
 .text.get_pxelinux_path
                0x00000000820121b0       0x98 cmd/built-in.o
 .text.do_pxe_get
                0x0000000082012248      0x16c cmd/built-in.o
 .text.get_relfile_envaddr
                0x00000000820123b4       0x5c cmd/built-in.o
 .text.label_boot
                0x0000000082012410      0x5ec cmd/built-in.o
 .text.handle_pxe_menu
                0x00000000820129fc      0x17c cmd/built-in.o
 .text.do_pxe_boot
                0x0000000082012b78       0xf0 cmd/built-in.o
 .text.do_sysboot
                0x0000000082012c68      0x1fc cmd/built-in.o
 .text.bytes_per_second
                0x0000000082012e64       0x4c cmd/built-in.o
 .text.do_spi_flash
                0x0000000082012eb0      0x848 cmd/built-in.o
 .text.do_scsiboot
                0x00000000820136f8        0xc cmd/built-in.o
 .text.do_scsi  0x0000000082013704       0x94 cmd/built-in.o
 .text.common_diskboot
                0x0000000082013798      0x2a4 cmd/built-in.o
                0x0000000082013798                common_diskboot
 .text.substitute
                0x0000000082013a3c      0x118 cmd/built-in.o
 .text.get_arg  0x0000000082013b54       0x68 cmd/built-in.o
 .text.regex_sub.part.1
                0x0000000082013bbc      0x2c8 cmd/built-in.o
 .text.do_setexpr
                0x0000000082013e84      0x1a8 cmd/built-in.o
 .text.do_false
                0x000000008201402c        0x8 cmd/built-in.o
 .text.do_true  0x0000000082014034        0x8 cmd/built-in.o
 .text.do_test  0x000000008201403c      0x358 cmd/built-in.o
 .text.do_unzip
                0x0000000082014394       0xbc cmd/built-in.o
 .text.do_gzwrite
                0x0000000082014450      0x118 cmd/built-in.o
 .text.do_lzmadec
                0x0000000082014568       0xbc cmd/built-in.o
 .text.usb_get_class_desc
                0x0000000082014624       0xc0 cmd/built-in.o
 .text.usb_display_class_sub
                0x00000000820146e4      0x18c cmd/built-in.o
 .text.usb_display_desc
                0x0000000082014870      0x144 cmd/built-in.o
 .text.usb_show_tree_graph
                0x00000000820149b4      0x234 cmd/built-in.o
 .text.usb_show_subtree
                0x0000000082014be8       0x38 cmd/built-in.o
 .text.usb_for_each_root_dev
                0x0000000082014c20       0x68 cmd/built-in.o
 .text.usb_display_string
                0x0000000082014c88       0x4c cmd/built-in.o
 .text.usb_display_config
                0x0000000082014cd4      0x268 cmd/built-in.o
 .text.usb_show_info
                0x0000000082014f3c       0x78 cmd/built-in.o
 .text.usb_find_device
                0x0000000082014fb4       0xb0 cmd/built-in.o
 .text.do_usbboot
                0x0000000082015064        0xc cmd/built-in.o
 .text.do_usb_start
                0x0000000082015070       0x30 cmd/built-in.o
 .text.usb_show_tree
                0x00000000820150a0        0xc cmd/built-in.o
                0x00000000820150a0                usb_show_tree
 .text.do_usb   0x00000000820150ac      0x404 cmd/built-in.o
 .text.do_imgextract
                0x00000000820154b0      0x3bc cmd/built-in.o
 .text.extract_val
                0x000000008201586c       0xac cmd/built-in.o
 .text.extract_env
                0x0000000082015918       0xf8 cmd/built-in.o
 .text.set_gpt_info.isra.0.constprop.1
                0x0000000082015a10      0x45c cmd/built-in.o
 .text.do_gpt   0x0000000082015e6c      0x2e8 cmd/built-in.o
 .text.do_env_delete
                0x0000000082016154       0xc0 cmd/built-in.o
 .text.do_env_exists
                0x0000000082016214       0x60 cmd/built-in.o
 .text._do_env_set
                0x0000000082016274      0x1f8 cmd/built-in.o
 .text.do_env_set
                0x000000008201646c       0x24 cmd/built-in.o
 .text.do_env_save
                0x0000000082016490       0x1c cmd/built-in.o
 .text.do_env   0x00000000820164ac       0x80 cmd/built-in.o
 .text.env_print
                0x000000008201652c       0xc0 cmd/built-in.o
 .text.do_env_print
                0x00000000820165ec      0x104 cmd/built-in.o
 .text.do_env_import
                0x00000000820166f0      0x2b4 cmd/built-in.o
 .text.do_env_default
                0x00000000820169a4       0xa4 cmd/built-in.o
 .text.get_env_id
                0x0000000082016a48        0xc cmd/built-in.o
                0x0000000082016a48                get_env_id
 .text.env_set  0x0000000082016a54       0x58 cmd/built-in.o
                0x0000000082016a54                env_set
 .text.env_set_ulong
                0x0000000082016aac       0x2c cmd/built-in.o
                0x0000000082016aac                env_set_ulong
 .text.env_set_hex
                0x0000000082016ad8       0x3c cmd/built-in.o
                0x0000000082016ad8                env_set_hex
 .text.do_env_export
                0x0000000082016b14      0x218 cmd/built-in.o
 .text.eth_parse_enetaddr
                0x0000000082016d2c       0x70 cmd/built-in.o
                0x0000000082016d2c                eth_parse_enetaddr
 .text.envmatch
                0x0000000082016d9c       0x7c cmd/built-in.o
                0x0000000082016d9c                envmatch
 .text.env_get_f
                0x0000000082016e18      0x100 cmd/built-in.o
                0x0000000082016e18                env_get_f
 .text.env_get  0x0000000082016f18       0x78 cmd/built-in.o
                0x0000000082016f18                env_get
 .text.env_get_hex
                0x0000000082016f90       0x48 cmd/built-in.o
                0x0000000082016f90                env_get_hex
 .text.eth_env_get_enetaddr
                0x0000000082016fd8       0x6c cmd/built-in.o
                0x0000000082016fd8                eth_env_get_enetaddr
 .text.eth_env_set_enetaddr
                0x0000000082017044       0x54 cmd/built-in.o
                0x0000000082017044                eth_env_set_enetaddr
 .text.env_get_ulong
                0x0000000082017098       0x40 cmd/built-in.o
                0x0000000082017098                env_get_ulong
 .text.do_env_edit.part.2
                0x00000000820170d8       0xb8 cmd/built-in.o
 .text.do_env_edit
                0x0000000082017190       0x28 cmd/built-in.o
 .text.board_init_f_alloc_reserve
                0x00000000820171b8        0xc common/built-in.o
                0x00000000820171b8                board_init_f_alloc_reserve
 .text.board_init_f_init_reserve
                0x00000000820171c4       0x30 common/built-in.o
                0x00000000820171c4                board_init_f_init_reserve
 .text.show_boot_progress
                0x00000000820171f4        0x8 common/built-in.o
                0x00000000820171f4                show_boot_progress
 .text.main_loop
                0x00000000820171fc       0x50 common/built-in.o
                0x00000000820171fc                main_loop
 .text.mdelay   0x000000008201724c        0xc common/built-in.o
 .text.dummy    0x0000000082017258        0x4 common/built-in.o
 .text.get_version
                0x000000008201725c        0x8 common/built-in.o
                0x000000008201725c                get_version
 .text.jumptable_init
                0x0000000082017264      0x1f8 common/built-in.o
                0x0000000082017264                jumptable_init
 .text.hash_finish_crc32
                0x000000008201745c       0x38 common/built-in.o
 .text.hash_finish_crc16_ccitt
                0x0000000082017494       0x38 common/built-in.o
 .text.hash_update_crc32
                0x00000000820174cc       0x34 common/built-in.o
 .text.hash_init_crc32
                0x0000000082017500       0x30 common/built-in.o
 .text.hash_init_crc16_ccitt
                0x0000000082017530       0x30 common/built-in.o
 .text.hash_update_crc16_ccitt
                0x0000000082017560       0x34 common/built-in.o
 .text.hash_finish_sha256
                0x0000000082017594       0x48 common/built-in.o
 .text.hash_update_sha256
                0x00000000820175dc       0x24 common/built-in.o
 .text.hash_init_sha256
                0x0000000082017600       0x34 common/built-in.o
 .text.hash_finish_sha1
                0x0000000082017634       0x48 common/built-in.o
 .text.hash_update_sha1
                0x000000008201767c       0x24 common/built-in.o
 .text.hash_init_sha1
                0x00000000820176a0       0x34 common/built-in.o
 .text.hash_lookup_algo
                0x00000000820176d4       0x78 common/built-in.o
                0x00000000820176d4                hash_lookup_algo
 .text.hash_command
                0x000000008201774c      0x1e0 common/built-in.o
                0x000000008201774c                hash_command
 .text.b_reset  0x000000008201792c       0x18 common/built-in.o
 .text.static_get
                0x0000000082017944       0x1c common/built-in.o
 .text.static_peek
                0x0000000082017960        0xc common/built-in.o
 .text.mapset   0x000000008201796c       0x20 common/built-in.o
 .text.syntax_err
                0x000000008201798c        0xc common/built-in.o
 .text.free_pipe_list
                0x0000000082017998       0xf0 common/built-in.o
 .text.xmalloc  0x0000000082017a88       0x28 common/built-in.o
 .text.new_pipe
                0x0000000082017ab0       0x24 common/built-in.o
 .text.xrealloc
                0x0000000082017ad4       0x28 common/built-in.o
 .text.done_command
                0x0000000082017afc       0x94 common/built-in.o
 .text.done_pipe
                0x0000000082017b90       0x58 common/built-in.o
 .text.done_word
                0x0000000082017be8      0x2ac common/built-in.o
 .text.is_assignment
                0x0000000082017e94       0x4c common/built-in.o
 .text.file_get
                0x0000000082017ee0      0x1f8 common/built-in.o
 .text.do_showvar
                0x00000000820180d8      0x108 common/built-in.o
 .text.b_addchr
                0x00000000820181e0       0x94 common/built-in.o
 .text.b_addqchr
                0x0000000082018274       0x58 common/built-in.o
 .text.file_peek
                0x00000000820182cc        0xc common/built-in.o
 .text.get_local_var
                0x00000000820182d8       0x9c common/built-in.o
                0x00000000820182d8                get_local_var
 .text.set_local_var
                0x0000000082018374      0x1a4 common/built-in.o
                0x0000000082018374                set_local_var
 .text.insert_var_value_sub
                0x0000000082018518      0x2c0 common/built-in.o
 .text.parse_string_outer
                0x00000000820187d8       0xec common/built-in.o
                0x00000000820187d8                parse_string_outer
 .text.run_list_real
                0x00000000820188c4      0x724 common/built-in.o
 .text.parse_stream_outer
                0x0000000082018fe8      0x67c common/built-in.o
 .text.parse_file_outer
                0x0000000082019664       0x40 common/built-in.o
                0x0000000082019664                parse_file_outer
 .text.u_boot_hush_start
                0x00000000820196a4       0x58 common/built-in.o
                0x00000000820196a4                u_boot_hush_start
 .text.bootdelay_process
                0x00000000820196fc       0xd0 common/built-in.o
                0x00000000820196fc                bootdelay_process
 .text.autoboot_command
                0x00000000820197cc      0x114 common/built-in.o
                0x00000000820197cc                autoboot_command
 .text.log_init
                0x00000000820198e0       0x10 common/built-in.o
 .text.display_text_info
                0x00000000820198f0        0x8 common/built-in.o
 .text.setup_mon_len
                0x00000000820198f8       0x20 common/built-in.o
 .text.reserve_round_4k
                0x0000000082019918       0x14 common/built-in.o
 .text.reserve_uboot
                0x000000008201992c       0x38 common/built-in.o
 .text.reserve_malloc
                0x0000000082019964       0x14 common/built-in.o
 .text.reserve_global_data
                0x0000000082019978       0x1c common/built-in.o
 .text.reserve_fdt
                0x0000000082019994       0x48 common/built-in.o
 .text.reserve_mmu
                0x00000000820199dc       0x54 common/built-in.o
                0x00000000820199dc                reserve_mmu
 .text.setup_reloc
                0x0000000082019a30       0x48 common/built-in.o
 .text.reloc_fdt
                0x0000000082019a78       0x44 common/built-in.o
 .text.reserve_board
                0x0000000082019abc       0x48 common/built-in.o
 .text.announce_dram_init
                0x0000000082019b04       0x20 common/built-in.o
 .text.init_func_i2c
                0x0000000082019b24       0x30 common/built-in.o
 .text.init_baud_rate
                0x0000000082019b54       0x30 common/built-in.o
 .text.initf_dm
                0x0000000082019b84        0x8 common/built-in.o
 .text.initf_bootstage
                0x0000000082019b8c       0x1c common/built-in.o
 .text.arch_cpu_init_dm
                0x0000000082019ba8        0x8 common/built-in.o
                0x0000000082019ba8                arch_cpu_init_dm
 .text.setup_spl_handoff
                0x0000000082019bb0        0x8 common/built-in.o
 .text.mach_cpu_init
                0x0000000082019bb8        0x8 common/built-in.o
                0x0000000082019bb8                mach_cpu_init
 .text.reserve_video
                0x0000000082019bc0        0x8 common/built-in.o
 .text.reserve_trace
                0x0000000082019bc8        0x8 common/built-in.o
 .text.setup_machine
                0x0000000082019bd0        0x8 common/built-in.o
 .text.reserve_bootstage
                0x0000000082019bd8        0x8 common/built-in.o
 .text.reserve_bloblist
                0x0000000082019be0        0x8 common/built-in.o
 .text.display_new_sp
                0x0000000082019be8        0x8 common/built-in.o
 .text.reloc_bootstage
                0x0000000082019bf0        0x8 common/built-in.o
 .text.reloc_bloblist
                0x0000000082019bf8        0x8 common/built-in.o
 .text.initf_console_record
                0x0000000082019c00        0x8 common/built-in.o
 .text.reserve_arch
                0x0000000082019c08        0x8 common/built-in.o
                0x0000000082019c08                reserve_arch
 .text.show_dram_config
                0x0000000082019c10       0x44 common/built-in.o
 .text.board_get_usable_ram_top
                0x0000000082019c54       0x20 common/built-in.o
                0x0000000082019c54                board_get_usable_ram_top
 .text.setup_dest_addr
                0x0000000082019c74       0x4c common/built-in.o
 .text.reserve_stacks
                0x0000000082019cc0       0x1c common/built-in.o
 .text.board_init_f
                0x0000000082019cdc       0x84 common/built-in.o
                0x0000000082019cdc                board_init_f
 .text.initr_trace
                0x0000000082019d60        0x8 common/built-in.o
 .text.initr_reloc
                0x0000000082019d68       0x18 common/built-in.o
 .text.run_main_loop
                0x0000000082019d80       0x10 common/built-in.o
 .text.initr_net
                0x0000000082019d90       0x24 common/built-in.o
 .text.initr_ethaddr
                0x0000000082019db4       0x28 common/built-in.o
 .text.initr_enable_interrupts
                0x0000000082019ddc       0x18 common/built-in.o
 .text.initr_jumptable
                0x0000000082019df4       0x18 common/built-in.o
 .text.initr_env
                0x0000000082019e0c       0x74 common/built-in.o
 .text.initr_mmc
                0x0000000082019e80       0x28 common/built-in.o
 .text.initr_nand
                0x0000000082019ea8       0x38 common/built-in.o
 .text.initr_serial
                0x0000000082019ee0       0x18 common/built-in.o
 .text.initr_dm
                0x0000000082019ef8       0x14 common/built-in.o
 .text.initr_bootstage
                0x0000000082019f0c       0x1c common/built-in.o
 .text.initr_malloc
                0x0000000082019f28       0x28 common/built-in.o
 .text.initr_reloc_global_data
                0x0000000082019f50       0x3c common/built-in.o
 .text.initr_caches
                0x0000000082019f8c       0x18 common/built-in.o
 .text.bootstage_relocate
                0x0000000082019fa4        0x8 common/built-in.o
 .text.initr_pci
                0x0000000082019fac        0x8 common/built-in.o
 .text.initr_barrier
                0x0000000082019fb4        0x8 common/built-in.o
 .text.initr_console_record
                0x0000000082019fbc        0x8 common/built-in.o
 .text.initr_announce
                0x0000000082019fc4        0x8 common/built-in.o
 .text.cpu_secondary_init_r
                0x0000000082019fcc        0x4 common/built-in.o
                0x0000000082019fcc                cpu_secondary_init_r
 .text.initr_secondary_cpu
                0x0000000082019fd0       0x18 common/built-in.o
 .text.board_init_r
                0x0000000082019fe8       0x78 common/built-in.o
                0x0000000082019fe8                board_init_r
 .text.show_board_info
                0x000000008201a060       0x3c common/built-in.o
                0x000000008201a060                show_board_info
 .text.bootm_find_images
                0x000000008201a09c       0xcc common/built-in.o
                0x000000008201a09c                bootm_find_images
 .text.bootm_decomp_image
                0x000000008201a168      0x1a8 common/built-in.o
                0x000000008201a168                bootm_decomp_image
 .text.bootm_disable_interrupts
                0x000000008201a310       0x28 common/built-in.o
                0x000000008201a310                bootm_disable_interrupts
 .text.do_bootm_states
                0x000000008201a338      0x87c common/built-in.o
                0x000000008201a338                do_bootm_states
 .text.copy_args
                0x000000008201abb4       0x74 common/built-in.o
 .text.do_bootm_rtems
                0x000000008201ac28       0x7c common/built-in.o
 .text.do_bootm_vxworks
                0x000000008201aca4      0x154 common/built-in.o
                0x000000008201aca4                do_bootm_vxworks
 .text.do_bootm_plan9
                0x000000008201adf8       0xe4 common/built-in.o
 .text.do_bootm_standalone
                0x000000008201aedc       0x74 common/built-in.o
 .text.do_bootm_qnxelf
                0x000000008201af50       0xa8 common/built-in.o
 .text.do_bootm_netbsd
                0x000000008201aff8      0x154 common/built-in.o
 .text.arch_preboot_os
                0x000000008201b14c        0x4 common/built-in.o
                0x000000008201b14c                arch_preboot_os
 .text.board_preboot_os
                0x000000008201b150        0x4 common/built-in.o
                0x000000008201b150                board_preboot_os
 .text.boot_selected_os
                0x000000008201b154       0x7c common/built-in.o
                0x000000008201b154                boot_selected_os
 .text.bootm_os_get_boot_func
                0x000000008201b1d0       0x10 common/built-in.o
                0x000000008201b1d0                bootm_os_get_boot_func
 .text.of_bus_default_map
                0x000000008201b1e0       0xa8 common/built-in.o
 .text.of_bus_default_translate
                0x000000008201b288       0xb8 common/built-in.o
 .text.fdt_support_default_count_cells
                0x000000008201b340       0x70 common/built-in.o
                0x000000008201b340                fdt_support_default_count_cells
 .text.fdt_find_and_setprop
                0x000000008201b3b0       0x94 common/built-in.o
                0x000000008201b3b0                fdt_find_and_setprop
 .text.fdt_find_or_add_subnode
                0x000000008201b444       0x74 common/built-in.o
                0x000000008201b444                fdt_find_or_add_subnode
 .text.fdt_root
                0x000000008201b4b8       0x98 common/built-in.o
                0x000000008201b4b8                fdt_root
 .text.fdt_initrd
                0x000000008201b550      0x1b8 common/built-in.o
                0x000000008201b550                fdt_initrd
 .text.fdt_chosen
                0x000000008201b708      0x108 common/built-in.o
                0x000000008201b708                fdt_chosen
 .text.do_fixup_by_path
                0x000000008201b810       0x4c common/built-in.o
                0x000000008201b810                do_fixup_by_path
 .text.do_fixup_by_path_u32
                0x000000008201b85c       0x28 common/built-in.o
                0x000000008201b85c                do_fixup_by_path_u32
 .text.do_fixup_by_prop
                0x000000008201b884       0xc8 common/built-in.o
                0x000000008201b884                do_fixup_by_prop
 .text.do_fixup_by_compat
                0x000000008201b94c       0xa8 common/built-in.o
                0x000000008201b94c                do_fixup_by_compat
 .text.do_fixup_by_compat_u32
                0x000000008201b9f4       0x28 common/built-in.o
                0x000000008201b9f4                do_fixup_by_compat_u32
 .text.fdt_fixup_memory_banks
                0x000000008201ba1c      0x23c common/built-in.o
                0x000000008201ba1c                fdt_fixup_memory_banks
 .text.fdt_fixup_memory
                0x000000008201bc58       0x2c common/built-in.o
                0x000000008201bc58                fdt_fixup_memory
 .text.fdt_fixup_ethernet
                0x000000008201bc84      0x200 common/built-in.o
                0x000000008201bc84                fdt_fixup_ethernet
 .text.fdt_shrink_to_minimum
                0x000000008201be84       0xc8 common/built-in.o
                0x000000008201be84                fdt_shrink_to_minimum
 .text.fdt_increase_size
                0x000000008201bf4c       0x14 common/built-in.o
                0x000000008201bf4c                fdt_increase_size
 .text.fdt_del_node_and_alias
                0x000000008201bf60       0x5c common/built-in.o
                0x000000008201bf60                fdt_del_node_and_alias
 .text.fdt_translate_address
                0x000000008201bfbc      0x290 common/built-in.o
                0x000000008201bfbc                fdt_translate_address
 .text.fdt_node_offset_by_compat_reg
                0x000000008201c24c       0xa0 common/built-in.o
                0x000000008201c24c                fdt_node_offset_by_compat_reg
 .text.fdt_alloc_phandle
                0x000000008201c2ec       0x6c common/built-in.o
                0x000000008201c2ec                fdt_alloc_phandle
 .text.fdt_set_phandle
                0x000000008201c358       0x6c common/built-in.o
                0x000000008201c358                fdt_set_phandle
 .text.fdt_create_phandle
                0x000000008201c3c4       0x78 common/built-in.o
                0x000000008201c3c4                fdt_create_phandle
 .text.fdt_set_node_status
                0x000000008201c43c       0xd8 common/built-in.o
                0x000000008201c43c                fdt_set_node_status
 .text.miiphy_get_dev_by_name
                0x000000008201c514       0x68 common/built-in.o
                0x000000008201c514                miiphy_get_dev_by_name
 .text.miiphy_init
                0x000000008201c57c       0x1c common/built-in.o
                0x000000008201c57c                miiphy_init
 .text.mdio_alloc
                0x000000008201c598       0x3c common/built-in.o
                0x000000008201c598                mdio_alloc
 .text.mdio_register
                0x000000008201c5d4       0x8c common/built-in.o
                0x000000008201c5d4                mdio_register
 .text.mdio_list_devices
                0x000000008201c660       0xc4 common/built-in.o
                0x000000008201c660                mdio_list_devices
 .text.miiphy_set_current_dev
                0x000000008201c724       0x48 common/built-in.o
                0x000000008201c724                miiphy_set_current_dev
 .text.miiphy_get_active_dev
                0x000000008201c76c       0x60 common/built-in.o
 .text.mdio_get_current_dev
                0x000000008201c7cc        0xc common/built-in.o
                0x000000008201c7cc                mdio_get_current_dev
 .text.mdio_phydev_for_ethname
                0x000000008201c7d8       0x9c common/built-in.o
                0x000000008201c7d8                mdio_phydev_for_ethname
 .text.miiphy_get_current_dev
                0x000000008201c874       0x18 common/built-in.o
                0x000000008201c874                miiphy_get_current_dev
 .text.miiphy_read
                0x000000008201c88c       0x5c common/built-in.o
                0x000000008201c88c                miiphy_read
 .text.miiphy_write
                0x000000008201c8e8       0x5c common/built-in.o
                0x000000008201c8e8                miiphy_write
 .text.miiphy_listdev
                0x000000008201c944       0x90 common/built-in.o
                0x000000008201c944                miiphy_listdev
 .text.miiphy_info
                0x000000008201c9d4       0xa0 common/built-in.o
                0x000000008201c9d4                miiphy_info
 .text.miiphy_is_1000base_x
                0x000000008201ca74       0x40 common/built-in.o
                0x000000008201ca74                miiphy_is_1000base_x
 .text.miiphy_speed
                0x000000008201cab4      0x11c common/built-in.o
                0x000000008201cab4                miiphy_speed
 .text.miiphy_duplex
                0x000000008201cbd0      0x140 common/built-in.o
                0x000000008201cbd0                miiphy_duplex
 .text.usb_set_maxpacket_ep
                0x000000008201cd10       0x84 common/built-in.o
 .text.usb_control_msg
                0x000000008201cd94       0xdc common/built-in.o
                0x000000008201cd94                usb_control_msg
 .text.usb_get_descriptor
                0x000000008201ce70       0x5c common/built-in.o
 .text.get_descriptor_len
                0x000000008201cecc       0xa4 common/built-in.o
 .text.usb_setup_descriptor
                0x000000008201cf70       0xec common/built-in.o
 .text.usb_get_string
                0x000000008201d05c       0xa4 common/built-in.o
 .text.usb_string_sub
                0x000000008201d100      0x114 common/built-in.o
 .text.usb_bulk_msg
                0x000000008201d214       0x80 common/built-in.o
                0x000000008201d214                usb_bulk_msg
 .text.usb_maxpacket
                0x000000008201d294       0x1c common/built-in.o
                0x000000008201d294                usb_maxpacket
 .text.usb_clear_halt
                0x000000008201d2b0       0xa0 common/built-in.o
                0x000000008201d2b0                usb_clear_halt
 .text.usb_get_configuration_len
                0x000000008201d350       0x78 common/built-in.o
                0x000000008201d350                usb_get_configuration_len
 .text.usb_get_configuration_no
                0x000000008201d3c8       0x40 common/built-in.o
                0x000000008201d3c8                usb_get_configuration_no
 .text.usb_set_interface
                0x000000008201d408       0xbc common/built-in.o
                0x000000008201d408                usb_set_interface
 .text.usb_string
                0x000000008201d4c4      0x110 common/built-in.o
                0x000000008201d4c4                usb_string
 .text.usb_select_config
                0x000000008201d5d4      0x4a4 common/built-in.o
                0x000000008201d5d4                usb_select_config
 .text.usb_setup_device
                0x000000008201da78      0x114 common/built-in.o
                0x000000008201da78                usb_setup_device
 .text.usb_device_has_child_on_port
                0x000000008201db8c        0x8 common/built-in.o
                0x000000008201db8c                usb_device_has_child_on_port
 .text.usb_set_port_feature
                0x000000008201db94       0x4c common/built-in.o
 .text.usb_clear_port_feature
                0x000000008201dbe0       0x4c common/built-in.o
 .text.usb_get_hub_descriptor
                0x000000008201dc2c       0x64 common/built-in.o
 .text.usb_hub_reset_devices
                0x000000008201dc90        0x4 common/built-in.o
                0x000000008201dc90                usb_hub_reset_devices
 .text.usb_hub_is_root_hub
                0x000000008201dc94       0x20 common/built-in.o
                0x000000008201dc94                usb_hub_is_root_hub
 .text.usb_get_port_status
                0x000000008201dcb4       0xc8 common/built-in.o
                0x000000008201dcb4                usb_get_port_status
 .text.usb_hub_port_connect_change
                0x000000008201dd7c      0x180 common/built-in.o
                0x000000008201dd7c                usb_hub_port_connect_change
 .text.usb_hub_configure
                0x000000008201defc      0x5a0 common/built-in.o
 .text.usb_hub_scan
                0x000000008201e49c       0x14 common/built-in.o
                0x000000008201e49c                usb_hub_scan
 .text.usb_hub_post_probe
                0x000000008201e4b0        0x4 common/built-in.o
 .text.usb_stor_irq
                0x000000008201e4b4       0x18 common/built-in.o
 .text.usb_stor_BBB_reset
                0x000000008201e4cc       0xec common/built-in.o
 .text.usb_stor_CB_reset
                0x000000008201e5b8       0xd4 common/built-in.o
 .text.usb_stor_BBB_clear_endpt_stall.isra.0
                0x000000008201e68c       0x4c common/built-in.o
 .text.usb_stor_BBB_transport
                0x000000008201e6d8      0x244 common/built-in.o
 .text.usb_stor_CB_comdat
                0x000000008201e91c      0x1ec common/built-in.o
 .text.usb_stor_CBI_get_status.isra.2
                0x000000008201eb08       0xd0 common/built-in.o
 .text.usb_stor_CB_transport
                0x000000008201ebd8      0x1f4 common/built-in.o
 .text.usb_request_sense.constprop.11
                0x000000008201edcc       0x8c common/built-in.o
 .text.usb_stor_read
                0x000000008201ee58      0x180 common/built-in.o
 .text.usb_stor_write
                0x000000008201efd8      0x180 common/built-in.o
 .text.usb_stor_info
                0x000000008201f158       0x88 common/built-in.o
                0x000000008201f158                usb_stor_info
 .text.usb_stor_reset
                0x000000008201f1e0        0xc common/built-in.o
                0x000000008201f1e0                usb_stor_reset
 .text.usb_stor_scan
                0x000000008201f1ec       0x4c common/built-in.o
                0x000000008201f1ec                usb_stor_scan
 .text.usb_storage_probe
                0x000000008201f238      0x268 common/built-in.o
                0x000000008201f238                usb_storage_probe
 .text.usb_stor_get_info
                0x000000008201f4a0      0x2f0 common/built-in.o
                0x000000008201f4a0                usb_stor_get_info
 .text.usb_mass_storage_probe
                0x000000008201f790      0x18c common/built-in.o
 .text.menu_display_statusline
                0x000000008201f91c        0x4 common/built-in.o
                0x000000008201f91c                menu_display_statusline
 .text.menu_default_set
                0x000000008201f920       0x94 common/built-in.o
                0x000000008201f920                menu_default_set
 .text.menu_get_choice
                0x000000008201f9b4      0x1e4 common/built-in.o
                0x000000008201f9b4                menu_get_choice
 .text.menu_item_add
                0x000000008201fb98       0xd8 common/built-in.o
                0x000000008201fb98                menu_item_add
 .text.menu_create
                0x000000008201fc70       0xa4 common/built-in.o
                0x000000008201fc70                menu_create
 .text.menu_destroy
                0x000000008201fd14       0x80 common/built-in.o
                0x000000008201fd14                menu_destroy
 .text.delete_char.part.0
                0x000000008201fd94       0xfc common/built-in.o
 .text.cread_add_char
                0x000000008201fe90      0x100 common/built-in.o
 .text.cli_readline_into_buffer
                0x000000008201ff90      0x92c common/built-in.o
                0x000000008201ff90                cli_readline_into_buffer
 .text.cli_readline
                0x00000000820208bc       0x14 common/built-in.o
                0x00000000820208bc                cli_readline
 .text.cli_simple_process_macros
                0x00000000820208d0      0x228 common/built-in.o
                0x00000000820208d0                cli_simple_process_macros
 .text.crc16    0x0000000082020af8       0x44 common/built-in.o
 .text.ddr4_spd_check
                0x0000000082020b3c       0x80 common/built-in.o
                0x0000000082020b3c                ddr4_spd_check
 .text.hwconfig_parse
                0x0000000082020bbc      0x134 common/built-in.o
 .text.__hwconfig
                0x0000000082020cf0      0x104 common/built-in.o
 .text.hwconfig_arg_cmp_f
                0x0000000082020df4       0x60 common/built-in.o
                0x0000000082020df4                hwconfig_arg_cmp_f
 .text.hwconfig_sub_f
                0x0000000082020e54       0x54 common/built-in.o
                0x0000000082020e54                hwconfig_sub_f
 .text.hwconfig_subarg_f
                0x0000000082020ea8       0x4c common/built-in.o
                0x0000000082020ea8                hwconfig_subarg_f
 .text.hwconfig_subarg_cmp_f
                0x0000000082020ef4       0x60 common/built-in.o
                0x0000000082020ef4                hwconfig_subarg_cmp_f
 .text.console_setfile
                0x0000000082020f54       0xbc common/built-in.o
 .text.fgetc.part.0
                0x0000000082021010       0x3c common/built-in.o
 .text.getc     0x000000008202104c       0x24 common/built-in.o
                0x000000008202104c                getc
 .text.ftstc    0x0000000082021070       0x24 common/built-in.o
                0x0000000082021070                ftstc
 .text.tstc     0x0000000082021094       0x24 common/built-in.o
                0x0000000082021094                tstc
 .text.fputc    0x00000000820210b8       0x24 common/built-in.o
                0x00000000820210b8                fputc
 .text.putc     0x00000000820210dc       0x2c common/built-in.o
                0x00000000820210dc                putc
 .text.fputs    0x0000000082021108       0x20 common/built-in.o
                0x0000000082021108                fputs
 .text.puts     0x0000000082021128       0x28 common/built-in.o
                0x0000000082021128                puts
 .text.ctrlc    0x0000000082021150       0x58 common/built-in.o
                0x0000000082021150                ctrlc
 .text.confirm_yesno
                0x00000000820211a8       0xd4 common/built-in.o
                0x00000000820211a8                confirm_yesno
 .text.disable_ctrlc
                0x000000008202127c       0x14 common/built-in.o
                0x000000008202127c                disable_ctrlc
 .text.had_ctrlc
                0x0000000082021290        0xc common/built-in.o
                0x0000000082021290                had_ctrlc
 .text.clear_ctrlc
                0x000000008202129c        0xc common/built-in.o
                0x000000008202129c                clear_ctrlc
 .text.search_device
                0x00000000820212a8       0x34 common/built-in.o
                0x00000000820212a8                search_device
 .text.console_assign
                0x00000000820212dc       0x68 common/built-in.o
                0x00000000820212dc                console_assign
 .text.on_console
                0x0000000082021344       0xc0 common/built-in.o
 .text.console_init_f
                0x0000000082021404       0x10 common/built-in.o
                0x0000000082021404                console_init_f
 .text.stdio_print_current_devices
                0x0000000082021414       0xc0 common/built-in.o
                0x0000000082021414                stdio_print_current_devices
 .text.console_init_r
                0x00000000820214d4       0xe0 common/built-in.o
                0x00000000820214d4                console_init_r
 .text.sbrk     0x00000000820215b4       0x74 common/built-in.o
                0x00000000820215b4                sbrk
 .text.mem_malloc_init
                0x0000000082021628       0x28 common/built-in.o
                0x0000000082021628                mem_malloc_init
 .text.malloc_trim
                0x0000000082021650       0xd8 common/built-in.o
                0x0000000082021650                malloc_trim
 .text.free     0x0000000082021728      0x22c common/built-in.o
                0x0000000082021728                free
 .text.malloc   0x0000000082021954      0x654 common/built-in.o
                0x0000000082021954                malloc
 .text.calloc   0x0000000082021fa8      0x10c common/built-in.o
                0x0000000082021fa8                calloc
 .text.realloc  0x00000000820220b4      0x468 common/built-in.o
                0x00000000820220b4                realloc
 .text.memalign
                0x000000008202251c      0x1c0 common/built-in.o
                0x000000008202251c                memalign
 .text.initf_malloc
                0x00000000820226dc       0x18 common/built-in.o
                0x00000000820226dc                initf_malloc
 .text.alloc_simple
                0x00000000820226f4       0x54 common/built-in.o
 .text.malloc_simple
                0x0000000082022748        0x8 common/built-in.o
                0x0000000082022748                malloc_simple
 .text.on_loadaddr
                0x0000000082022750       0x40 common/built-in.o
 .text.image_check_hcrc
                0x0000000082022790       0x50 common/built-in.o
                0x0000000082022790                image_check_hcrc
 .text.image_check_dcrc
                0x00000000820227e0       0x44 common/built-in.o
                0x00000000820227e0                image_check_dcrc
 .text.image_multi_count
                0x0000000082022824       0x20 common/built-in.o
                0x0000000082022824                image_multi_count
 .text.image_multi_getimg
                0x0000000082022844       0x88 common/built-in.o
                0x0000000082022844                image_multi_getimg
 .text.env_get_bootm_low
                0x00000000820228cc       0x34 common/built-in.o
                0x00000000820228cc                env_get_bootm_low
 .text.env_get_bootm_size
                0x0000000082022900       0x78 common/built-in.o
                0x0000000082022900                env_get_bootm_size
 .text.env_get_bootm_mapsize
                0x0000000082022978       0x30 common/built-in.o
                0x0000000082022978                env_get_bootm_mapsize
 .text.memmove_wd
                0x00000000820229a8       0x10 common/built-in.o
                0x00000000820229a8                memmove_wd
 .text.genimg_print_size
                0x00000000820229b8       0x38 common/built-in.o
                0x00000000820229b8                genimg_print_size
 .text.get_table_entry
                0x00000000820229f0       0x20 common/built-in.o
                0x00000000820229f0                get_table_entry
 .text.get_table_entry_name
                0x0000000082022a10       0x28 common/built-in.o
                0x0000000082022a10                get_table_entry_name
 .text.genimg_get_os_name
                0x0000000082022a38       0x18 common/built-in.o
                0x0000000082022a38                genimg_get_os_name
 .text.genimg_get_arch_name
                0x0000000082022a50       0x18 common/built-in.o
                0x0000000082022a50                genimg_get_arch_name
 .text.genimg_get_type_name
                0x0000000082022a68       0x18 common/built-in.o
                0x0000000082022a68                genimg_get_type_name
 .text.genimg_get_comp_name
                0x0000000082022a80       0x18 common/built-in.o
                0x0000000082022a80                genimg_get_comp_name
 .text.image_print_contents
                0x0000000082022a98      0x1b8 common/built-in.o
                0x0000000082022a98                image_print_contents
 .text.get_table_entry_id
                0x0000000082022c50       0x50 common/built-in.o
                0x0000000082022c50                get_table_entry_id
 .text.genimg_get_os_id
                0x0000000082022ca0       0x18 common/built-in.o
                0x0000000082022ca0                genimg_get_os_id
 .text.genimg_get_arch_id
                0x0000000082022cb8       0x18 common/built-in.o
                0x0000000082022cb8                genimg_get_arch_id
 .text.genimg_get_type_id
                0x0000000082022cd0       0x18 common/built-in.o
                0x0000000082022cd0                genimg_get_type_id
 .text.genimg_get_comp_id
                0x0000000082022ce8       0x18 common/built-in.o
                0x0000000082022ce8                genimg_get_comp_id
 .text.genimg_get_kernel_addr_fit
                0x0000000082022d00       0x7c common/built-in.o
                0x0000000082022d00                genimg_get_kernel_addr_fit
 .text.genimg_get_kernel_addr
                0x0000000082022d7c       0x24 common/built-in.o
                0x0000000082022d7c                genimg_get_kernel_addr
 .text.genimg_get_format
                0x0000000082022da0       0x3c common/built-in.o
                0x0000000082022da0                genimg_get_format
 .text.genimg_has_config
                0x0000000082022ddc       0x10 common/built-in.o
                0x0000000082022ddc                genimg_has_config
 .text.boot_get_ramdisk
                0x0000000082022dec      0x364 common/built-in.o
                0x0000000082022dec                boot_get_ramdisk
 .text.boot_ramdisk_high
                0x0000000082023150      0x148 common/built-in.o
                0x0000000082023150                boot_ramdisk_high
 .text.boot_get_setup
                0x0000000082023298        0x4 common/built-in.o
                0x0000000082023298                boot_get_setup
 .text.boot_get_loadable
                0x000000008202329c      0x190 common/built-in.o
                0x000000008202329c                boot_get_loadable
 .text.image_setup_linux
                0x000000008202342c       0x6c common/built-in.o
                0x000000008202342c                image_setup_linux
 .text.fdt_error
                0x0000000082023498       0x38 common/built-in.o
 .text.boot_fdt_reserve_region
                0x00000000820234d0       0x50 common/built-in.o
 .text.boot_fdt_add_mem_rsv_regions
                0x0000000082023520       0xf4 common/built-in.o
                0x0000000082023520                boot_fdt_add_mem_rsv_regions
 .text.boot_relocate_fdt
                0x0000000082023614      0x1b8 common/built-in.o
                0x0000000082023614                boot_relocate_fdt
 .text.boot_get_fdt
                0x00000000820237cc      0x3a8 common/built-in.o
                0x00000000820237cc                boot_get_fdt
 .text.ft_verify_fdt
                0x0000000082023b74        0x8 common/built-in.o
                0x0000000082023b74                ft_verify_fdt
 .text.image_setup_libfdt
                0x0000000082023b7c      0x148 common/built-in.o
                0x0000000082023b7c                image_setup_libfdt
 .text.fit_image_get_address
                0x0000000082023cc4       0x84 common/built-in.o
 .text.fit_parse_conf
                0x0000000082023d48       0x78 common/built-in.o
                0x0000000082023d48                fit_parse_conf
 .text.fit_parse_subimage
                0x0000000082023dc0       0x78 common/built-in.o
                0x0000000082023dc0                fit_parse_subimage
 .text.fit_get_desc
                0x0000000082023e38       0x38 common/built-in.o
                0x0000000082023e38                fit_get_desc
 .text.fit_image_get_node
                0x0000000082023e70       0x48 common/built-in.o
                0x0000000082023e70                fit_image_get_node
 .text.fit_image_get_os
                0x0000000082023eb8       0x4c common/built-in.o
                0x0000000082023eb8                fit_image_get_os
 .text.fit_image_get_arch
                0x0000000082023f04       0x4c common/built-in.o
                0x0000000082023f04                fit_image_get_arch
 .text.fit_image_get_type
                0x0000000082023f50       0x4c common/built-in.o
                0x0000000082023f50                fit_image_get_type
 .text.fit_image_get_comp
                0x0000000082023f9c       0x4c common/built-in.o
                0x0000000082023f9c                fit_image_get_comp
 .text.fit_image_get_load
                0x0000000082023fe8       0x10 common/built-in.o
                0x0000000082023fe8                fit_image_get_load
 .text.fit_image_get_entry
                0x0000000082023ff8       0x10 common/built-in.o
                0x0000000082023ff8                fit_image_get_entry
 .text.fit_image_get_data
                0x0000000082024008       0x50 common/built-in.o
                0x0000000082024008                fit_image_get_data
 .text.fit_image_get_data_offset
                0x0000000082024058       0x48 common/built-in.o
                0x0000000082024058                fit_image_get_data_offset
 .text.fit_image_get_data_position
                0x00000000820240a0       0x48 common/built-in.o
                0x00000000820240a0                fit_image_get_data_position
 .text.fit_image_get_data_size
                0x00000000820240e8       0x48 common/built-in.o
                0x00000000820240e8                fit_image_get_data_size
 .text.fit_image_get_data_and_size
                0x0000000082024130       0xa8 common/built-in.o
                0x0000000082024130                fit_image_get_data_and_size
 .text.fit_image_hash_get_algo
                0x00000000820241d8       0x38 common/built-in.o
                0x00000000820241d8                fit_image_hash_get_algo
 .text.fit_image_hash_get_value
                0x0000000082024210       0x50 common/built-in.o
                0x0000000082024210                fit_image_hash_get_value
 .text.fit_image_print_data
                0x0000000082024260      0x18c common/built-in.o
 .text.fit_image_print_verification_data
                0x00000000820243ec       0xbc common/built-in.o
 .text.fit_image_print
                0x00000000820244a8      0x300 common/built-in.o
                0x00000000820244a8                fit_image_print
 .text.fit_print_contents
                0x00000000820247a8      0x474 common/built-in.o
                0x00000000820247a8                fit_print_contents
 .text.fit_get_end
                0x0000000082024c1c       0x10 common/built-in.o
                0x0000000082024c1c                fit_get_end
 .text.calculate_hash
                0x0000000082024c2c      0x11c common/built-in.o
                0x0000000082024c2c                calculate_hash
 .text.fit_image_verify_with_data
                0x0000000082024d48      0x1f4 common/built-in.o
                0x0000000082024d48                fit_image_verify_with_data
 .text.fit_image_verify
                0x0000000082024f3c       0x90 common/built-in.o
                0x0000000082024f3c                fit_image_verify
 .text.fit_all_image_verify
                0x0000000082024fcc      0x114 common/built-in.o
                0x0000000082024fcc                fit_all_image_verify
 .text.fit_image_check_os
                0x00000000820250e0       0x3c common/built-in.o
                0x00000000820250e0                fit_image_check_os
 .text.fit_image_check_arch
                0x000000008202511c       0x64 common/built-in.o
                0x000000008202511c                fit_image_check_arch
 .text.fit_image_check_type
                0x0000000082025180       0x3c common/built-in.o
                0x0000000082025180                fit_image_check_type
 .text.fit_image_check_comp
                0x00000000820251bc       0x3c common/built-in.o
                0x00000000820251bc                fit_image_check_comp
 .text.fit_check_format
                0x00000000820251f8       0x54 common/built-in.o
                0x00000000820251f8                fit_check_format
 .text.fit_conf_get_node
                0x000000008202524c       0xe0 common/built-in.o
                0x000000008202524c                fit_conf_get_node
 .text.fit_conf_get_prop_node_index
                0x000000008202532c       0x3c common/built-in.o
                0x000000008202532c                fit_conf_get_prop_node_index
 .text.fit_conf_get_prop_node
                0x0000000082025368        0x8 common/built-in.o
                0x0000000082025368                fit_conf_get_prop_node
 .text.fit_get_node_from_config
                0x0000000082025370       0x54 common/built-in.o
                0x0000000082025370                fit_get_node_from_config
 .text.fit_image_load
                0x00000000820253c4      0x580 common/built-in.o
                0x00000000820253c4                fit_image_load
 .text.boot_get_setup_fit
                0x0000000082025944       0x78 common/built-in.o
                0x0000000082025944                boot_get_setup_fit
 .text.boot_get_fdt_fit
                0x00000000820259bc      0x180 common/built-in.o